interactions:
- request:
    body: '{"informatieobjecttype": "http://localhost:8003/catalogi/api/v1/informatieobjecttypen/531f6c1a-97f7-478c-85f0-67d2f23661c7",
      "bronorganisatie": "000000000", "creatiedatum": "2024-03-19", "titel": "Form
      019", "auteur": "Aanvrager", "taal": "nld", "formaat": "multipart/form-data",
      "inhoud": "Y29udGVudA==", "status": "definitief", "bestandsnaam": "attachment1.jpg",
      "beschrijving": "Bijgevoegd document", "indicatieGebruiksrecht": false, "bestandsomvang":
      7}'
    headers:
      Accept:
      - '*/*'
      Accept-Encoding:
      - gzip, deflate, br
      Authorization:
      - Bearer eyJhbGciOiJIUzI1NiIsInR5cCI6IkpXVCJ9.eyJpc3MiOiJ0ZXN0X2NsaWVudF9pZCIsImlhdCI6MTcxMDg1NTYzNCwiY2xpZW50X2lkIjoidGVzdF9jbGllbnRfaWQiLCJ1c2VyX2lkIjoiIiwidXNlcl9yZXByZXNlbnRhdGlvbiI6IiJ9.NJjZEPSwh9eGzntjwUB7rFAiaq_5DqYgVylWuKdtdMA
      Connection:
      - keep-alive
      Content-Length:
      - '457'
      Content-Type:
      - application/json
      User-Agent:
      - python-requests/2.31.0
    method: POST
    uri: http://localhost:8003/documenten/api/v1/enkelvoudiginformatieobjecten
  response:
    body:
      string: '{"url":"http://localhost:8003/documenten/api/v1/enkelvoudiginformatieobjecten/37f73bb1-3580-470c-89a6-3c1a45230bdc","identificatie":"DOCUMENT-2024-0000000089","bronorganisatie":"000000000","creatiedatum":"2024-03-19","titel":"Form
        019","vertrouwelijkheidaanduiding":"openbaar","auteur":"Aanvrager","status":"definitief","formaat":"multipart/form-data","taal":"nld","versie":1,"beginRegistratie":"2024-06-27T14:23:02.427960Z","bestandsnaam":"attachment1.jpg","inhoud":"http://localhost:8003/documenten/api/v1/enkelvoudiginformatieobjecten/37f73bb1-3580-470c-89a6-3c1a45230bdc/download?versie=1","bestandsomvang":7,"link":"","beschrijving":"Bijgevoegd
        document","ontvangstdatum":null,"verzenddatum":null,"indicatieGebruiksrecht":false,"verschijningsvorm":"","ondertekening":{"soort":"","datum":null},"integriteit":{"algoritme":"","waarde":"","datum":null},"informatieobjecttype":"http://localhost:8003/catalogi/api/v1/informatieobjecttypen/531f6c1a-97f7-478c-85f0-67d2f23661c7","locked":false,"bestandsdelen":[],"trefwoorden":[],"lock":""}'
    headers:
      API-version:
      - 1.4.2
      Allow:
      - GET, POST, HEAD, OPTIONS
      Content-Length:
      - '1037'
      Content-Type:
      - application/json
      Location:
      - http://localhost:8003/documenten/api/v1/enkelvoudiginformatieobjecten/37f73bb1-3580-470c-89a6-3c1a45230bdc
      Referrer-Policy:
      - same-origin
      Vary:
      - Origin
      X-Content-Type-Options:
      - nosniff
      X-Frame-Options:
      - DENY
      X-XSS-Protection:
      - 1; mode=block
    status:
      code: 201
      message: Created
- request:
    body: '{"informatieobjecttype": "http://localhost:8003/catalogi/api/v1/informatieobjecttypen/531f6c1a-97f7-478c-85f0-67d2f23661c7",
      "bronorganisatie": "000000000", "creatiedatum": "2024-03-19", "titel": "Form
      019", "auteur": "Aanvrager", "taal": "nld", "formaat": "image/jpeg", "inhoud":
      "Y29udGVudA==", "status": "definitief", "bestandsnaam": "attachment2_1.jpg",
      "beschrijving": "Bijgevoegd document", "indicatieGebruiksrecht": false, "bestandsomvang":
      7}'
    headers:
      Accept:
      - '*/*'
      Accept-Encoding:
      - gzip, deflate, br
      Authorization:
      - Bearer eyJhbGciOiJIUzI1NiIsInR5cCI6IkpXVCJ9.eyJpc3MiOiJ0ZXN0X2NsaWVudF9pZCIsImlhdCI6MTcxMDg1NTYzNCwiY2xpZW50X2lkIjoidGVzdF9jbGllbnRfaWQiLCJ1c2VyX2lkIjoiIiwidXNlcl9yZXByZXNlbnRhdGlvbiI6IiJ9.NJjZEPSwh9eGzntjwUB7rFAiaq_5DqYgVylWuKdtdMA
      Connection:
      - keep-alive
      Content-Length:
      - '450'
      Content-Type:
      - application/json
      User-Agent:
      - python-requests/2.31.0
    method: POST
    uri: http://localhost:8003/documenten/api/v1/enkelvoudiginformatieobjecten
  response:
    body:
      string: '{"url":"http://localhost:8003/documenten/api/v1/enkelvoudiginformatieobjecten/ca6d003e-65d8-44f5-aea3-869fec9de037","identificatie":"DOCUMENT-2024-0000000090","bronorganisatie":"000000000","creatiedatum":"2024-03-19","titel":"Form
        019","vertrouwelijkheidaanduiding":"openbaar","auteur":"Aanvrager","status":"definitief","formaat":"image/jpeg","taal":"nld","versie":1,"beginRegistratie":"2024-06-27T14:23:02.470638Z","bestandsnaam":"attachment2_1.jpg","inhoud":"http://localhost:8003/documenten/api/v1/enkelvoudiginformatieobjecten/ca6d003e-65d8-44f5-aea3-869fec9de037/download?versie=1","bestandsomvang":7,"link":"","beschrijving":"Bijgevoegd
        document","ontvangstdatum":null,"verzenddatum":null,"indicatieGebruiksrecht":false,"verschijningsvorm":"","ondertekening":{"soort":"","datum":null},"integriteit":{"algoritme":"","waarde":"","datum":null},"informatieobjecttype":"http://localhost:8003/catalogi/api/v1/informatieobjecttypen/531f6c1a-97f7-478c-85f0-67d2f23661c7","locked":false,"bestandsdelen":[],"trefwoorden":[],"lock":""}'
    headers:
      API-version:
      - 1.4.2
      Allow:
      - GET, POST, HEAD, OPTIONS
      Content-Length:
      - '1030'
      Content-Type:
      - application/json
      Location:
      - http://localhost:8003/documenten/api/v1/enkelvoudiginformatieobjecten/ca6d003e-65d8-44f5-aea3-869fec9de037
      Referrer-Policy:
      - same-origin
      Vary:
      - Origin
      X-Content-Type-Options:
      - nosniff
      X-Frame-Options:
      - DENY
      X-XSS-Protection:
      - 1; mode=block
    status:
      code: 201
      message: Created
- request:
    body: null
    headers:
      Accept:
      - '*/*'
      Accept-Encoding:
      - gzip, deflate, br
      Authorization:
      - Token 171be5abaf41e7856b423ad513df1ef8f867ff48
      Connection:
      - keep-alive
      User-Agent:
      - python-requests/2.31.0
    method: GET
    uri: http://localhost:8001/api/v2/objecttypes/527b8408-7421-4808-a744-43ccb7bdaaa2
  response:
    body:
      string: '{"url":"http://localhost:8001/api/v2/objecttypes/527b8408-7421-4808-a744-43ccb7bdaaa2","uuid":"527b8408-7421-4808-a744-43ccb7bdaaa2","name":"File
        Uploads","namePlural":"File Uploads","description":"","dataClassification":"confidential","maintainerOrganization":"","maintainerDepartment":"","contactPerson":"","contactEmail":"","source":"","updateFrequency":"unknown","providerOrganization":"","documentationUrl":"","labels":{},"createdAt":"2024-02-08","modifiedAt":"2024-02-08","allowGeometry":true,"versions":["http://localhost:8001/api/v2/objecttypes/527b8408-7421-4808-a744-43ccb7bdaaa2/versions/1"]}'
    headers:
      Allow:
      - GET, PUT, PATCH, DELETE, HEAD, OPTIONS
      Content-Length:
      - '603'
      Content-Type:
      - application/json
      Referrer-Policy:
      - same-origin
      X-Content-Type-Options:
      - nosniff
      X-Frame-Options:
      - DENY
    status:
      code: 200
      message: OK
- request:
    body: '{"type": "http://localhost:8001/api/v2/objecttypes/527b8408-7421-4808-a744-43ccb7bdaaa2",
      "record": {"typeVersion": 1, "data": {"single_file": "http://localhost:8003/documenten/api/v1/enkelvoudiginformatieobjecten/37f73bb1-3580-470c-89a6-3c1a45230bdc",
      "multiple_files": ["http://localhost:8003/documenten/api/v1/enkelvoudiginformatieobjecten/ca6d003e-65d8-44f5-aea3-869fec9de037"]},
      "startAt": "2024-03-19"}}'
    headers:
      Accept:
      - '*/*'
      Accept-Encoding:
      - gzip, deflate, br
      Authorization:
      - Token 7657474c3d75f56ae0abd0d1bf7994b09964dca9
      Connection:
      - keep-alive
      Content-Crs:
      - EPSG:4326
      Content-Length:
      - '409'
      Content-Type:
      - application/json
      User-Agent:
      - python-requests/2.31.0
    method: POST
    uri: http://localhost:8002/api/v2/objects
  response:
    body:
      string: '{"detail":"You do not have permission to perform this action."}'
    headers:
      Allow:
      - GET, POST, HEAD, OPTIONS
      Content-Crs:
      - EPSG:4326
      Content-Length:
      - '63'
      Content-Type:
      - application/json
      Cross-Origin-Opener-Policy:
      - same-origin
      Referrer-Policy:
      - same-origin
      X-Content-Type-Options:
      - nosniff
      X-Frame-Options:
      - DENY
    status:
      code: 403
      message: Forbidden
version: 1
