interactions:
- request:
    body: '{"informatieobjecttype": "http://localhost:8003/catalogi/api/v1/informatieobjecttypen/531f6c1a-97f7-478c-85f0-67d2f23661c7",
      "bronorganisatie": "000000000", "creatiedatum": "2024-03-19", "titel": "Form
      021", "auteur": "Aanvrager", "taal": "nld", "formaat": "model/example", "inhoud":
      "Y29udGVudA==", "status": "definitief", "bestandsnaam": "attachment1.jpg", "beschrijving":
      "Bijgevoegd document", "indicatieGebruiksrecht": false, "bestandsomvang": 7}'
    headers:
      Accept:
      - '*/*'
      Accept-Encoding:
      - gzip, deflate, br
      Authorization:
      - Bearer eyJhbGciOiJIUzI1NiIsInR5cCI6IkpXVCJ9.eyJpc3MiOiJ0ZXN0X2NsaWVudF9pZCIsImlhdCI6MTcxMDg1NTYzNCwiY2xpZW50X2lkIjoidGVzdF9jbGllbnRfaWQiLCJ1c2VyX2lkIjoiIiwidXNlcl9yZXByZXNlbnRhdGlvbiI6IiJ9.NJjZEPSwh9eGzntjwUB7rFAiaq_5DqYgVylWuKdtdMA
      Connection:
      - keep-alive
      Content-Length:
      - '451'
      Content-Type:
      - application/json
      User-Agent:
      - python-requests/2.32.3
    method: POST
    uri: http://localhost:8003/documenten/api/v1/enkelvoudiginformatieobjecten
  response:
    body:
      string: '{"url":"http://localhost:8003/documenten/api/v1/enkelvoudiginformatieobjecten/9e88d3ef-e9eb-4c8b-8c94-386c71000b5e","identificatie":"DOCUMENT-2024-0000000119","bronorganisatie":"000000000","creatiedatum":"2024-03-19","titel":"Form
        021","vertrouwelijkheidaanduiding":"openbaar","auteur":"Aanvrager","status":"definitief","formaat":"model/example","taal":"nld","versie":1,"beginRegistratie":"2024-07-01T13:42:06.421539Z","bestandsnaam":"attachment1.jpg","inhoud":"http://localhost:8003/documenten/api/v1/enkelvoudiginformatieobjecten/9e88d3ef-e9eb-4c8b-8c94-386c71000b5e/download?versie=1","bestandsomvang":7,"link":"","beschrijving":"Bijgevoegd
        document","ontvangstdatum":null,"verzenddatum":null,"indicatieGebruiksrecht":false,"verschijningsvorm":"","ondertekening":{"soort":"","datum":null},"integriteit":{"algoritme":"","waarde":"","datum":null},"informatieobjecttype":"http://localhost:8003/catalogi/api/v1/informatieobjecttypen/531f6c1a-97f7-478c-85f0-67d2f23661c7","locked":false,"bestandsdelen":[],"trefwoorden":[],"lock":""}'
    headers:
      API-version:
      - 1.4.2
      Allow:
      - GET, POST, HEAD, OPTIONS
      Content-Length:
      - '1031'
      Content-Type:
      - application/json
      Location:
      - http://localhost:8003/documenten/api/v1/enkelvoudiginformatieobjecten/9e88d3ef-e9eb-4c8b-8c94-386c71000b5e
      Referrer-Policy:
      - same-origin
      Vary:
      - Origin
      X-Content-Type-Options:
      - nosniff
      X-Frame-Options:
      - DENY
      X-XSS-Protection:
      - 1; mode=block
    status:
      code: 201
      message: Created
- request:
    body: '{"informatieobjecttype": "http://localhost:8003/catalogi/api/v1/informatieobjecttypen/531f6c1a-97f7-478c-85f0-67d2f23661c7",
      "bronorganisatie": "000000000", "creatiedatum": "2024-03-19", "titel": "Form
      021", "auteur": "Aanvrager", "taal": "nld", "formaat": "multipart/encrypted",
      "inhoud": "Y29udGVudA==", "status": "definitief", "bestandsnaam": "attachment2_1.jpg",
      "beschrijving": "Bijgevoegd document", "indicatieGebruiksrecht": false, "bestandsomvang":
      7}'
    headers:
      Accept:
      - '*/*'
      Accept-Encoding:
      - gzip, deflate, br
      Authorization:
      - Bearer eyJhbGciOiJIUzI1NiIsInR5cCI6IkpXVCJ9.eyJpc3MiOiJ0ZXN0X2NsaWVudF9pZCIsImlhdCI6MTcxMDg1NTYzNCwiY2xpZW50X2lkIjoidGVzdF9jbGllbnRfaWQiLCJ1c2VyX2lkIjoiIiwidXNlcl9yZXByZXNlbnRhdGlvbiI6IiJ9.NJjZEPSwh9eGzntjwUB7rFAiaq_5DqYgVylWuKdtdMA
      Connection:
      - keep-alive
      Content-Length:
      - '459'
      Content-Type:
      - application/json
      User-Agent:
      - python-requests/2.32.3
    method: POST
    uri: http://localhost:8003/documenten/api/v1/enkelvoudiginformatieobjecten
  response:
    body:
      string: '{"url":"http://localhost:8003/documenten/api/v1/enkelvoudiginformatieobjecten/01e27c74-4ff6-4259-8330-7f6cc0ec240c","identificatie":"DOCUMENT-2024-0000000120","bronorganisatie":"000000000","creatiedatum":"2024-03-19","titel":"Form
        021","vertrouwelijkheidaanduiding":"openbaar","auteur":"Aanvrager","status":"definitief","formaat":"multipart/encrypted","taal":"nld","versie":1,"beginRegistratie":"2024-07-01T13:42:06.461429Z","bestandsnaam":"attachment2_1.jpg","inhoud":"http://localhost:8003/documenten/api/v1/enkelvoudiginformatieobjecten/01e27c74-4ff6-4259-8330-7f6cc0ec240c/download?versie=1","bestandsomvang":7,"link":"","beschrijving":"Bijgevoegd
        document","ontvangstdatum":null,"verzenddatum":null,"indicatieGebruiksrecht":false,"verschijningsvorm":"","ondertekening":{"soort":"","datum":null},"integriteit":{"algoritme":"","waarde":"","datum":null},"informatieobjecttype":"http://localhost:8003/catalogi/api/v1/informatieobjecttypen/531f6c1a-97f7-478c-85f0-67d2f23661c7","locked":false,"bestandsdelen":[],"trefwoorden":[],"lock":""}'
    headers:
      API-version:
      - 1.4.2
      Allow:
      - GET, POST, HEAD, OPTIONS
      Content-Length:
      - '1039'
      Content-Type:
      - application/json
      Location:
      - http://localhost:8003/documenten/api/v1/enkelvoudiginformatieobjecten/01e27c74-4ff6-4259-8330-7f6cc0ec240c
      Referrer-Policy:
      - same-origin
      Vary:
      - Origin
      X-Content-Type-Options:
      - nosniff
      X-Frame-Options:
      - DENY
      X-XSS-Protection:
      - 1; mode=block
    status:
      code: 201
      message: Created
- request:
    body: null
    headers:
      Accept:
      - '*/*'
      Accept-Encoding:
      - gzip, deflate, br
      Authorization:
      - Token 171be5abaf41e7856b423ad513df1ef8f867ff48
      Connection:
      - keep-alive
      User-Agent:
      - python-requests/2.32.3
    method: GET
    uri: http://localhost:8001/api/v2/objecttypes/527b8408-7421-4808-a744-43ccb7bdaaa2
  response:
    body:
      string: '{"url":"http://objecttypes-web:8000/api/v2/objecttypes/527b8408-7421-4808-a744-43ccb7bdaaa2","uuid":"527b8408-7421-4808-a744-43ccb7bdaaa2","name":"File
        Uploads","namePlural":"File Uploads","description":"","dataClassification":"confidential","maintainerOrganization":"","maintainerDepartment":"","contactPerson":"","contactEmail":"","source":"","updateFrequency":"unknown","providerOrganization":"","documentationUrl":"","labels":{},"createdAt":"2024-02-08","modifiedAt":"2024-02-08","allowGeometry":true,"versions":["http://objecttypes-web:8000/api/v2/objecttypes/527b8408-7421-4808-a744-43ccb7bdaaa2/versions/1"]}'
    headers:
      Allow:
      - GET, PUT, PATCH, DELETE, HEAD, OPTIONS
      Connection:
      - keep-alive
      Content-Length:
      - '615'
      Content-Type:
      - application/json
      Date:
      - Mon, 01 Jul 2024 13:42:06 GMT
      Referrer-Policy:
      - same-origin
      Server:
      - nginx/1.27.0
      X-Content-Type-Options:
      - nosniff
      X-Frame-Options:
      - DENY
    status:
      code: 200
      message: OK
- request:
    body: '{"type": "http://objecttypes-web:8000/api/v2/objecttypes/527b8408-7421-4808-a744-43ccb7bdaaa2",
      "record": {"typeVersion": 1, "data": {"single_file": "http://localhost:8003/documenten/api/v1/enkelvoudiginformatieobjecten/9e88d3ef-e9eb-4c8b-8c94-386c71000b5e",
      "multiple_files": ["http://localhost:8003/documenten/api/v1/enkelvoudiginformatieobjecten/01e27c74-4ff6-4259-8330-7f6cc0ec240c"]},
      "startAt": "2024-03-19"}}'
    headers:
      Accept:
      - '*/*'
      Accept-Encoding:
      - gzip, deflate, br
      Authorization:
      - Token 7657474c3d75f56ae0abd0d1bf7994b09964dca9
      Connection:
      - keep-alive
      Content-Crs:
      - EPSG:4326
      Content-Length:
      - '415'
      Content-Type:
      - application/json
      User-Agent:
      - python-requests/2.32.3
    method: POST
    uri: http://localhost:8002/api/v2/objects
  response:
    body:
      string: '{"url":"http://objects-web:8000/api/v2/objects/7faaa415-9e7d-4fed-b2fe-5922d3d785a9","uuid":"7faaa415-9e7d-4fed-b2fe-5922d3d785a9","type":"http://objecttypes-web:8000/api/v2/objecttypes/527b8408-7421-4808-a744-43ccb7bdaaa2","record":{"index":1,"typeVersion":1,"data":{"single_file":"http://localhost:8003/documenten/api/v1/enkelvoudiginformatieobjecten/9e88d3ef-e9eb-4c8b-8c94-386c71000b5e","multiple_files":["http://localhost:8003/documenten/api/v1/enkelvoudiginformatieobjecten/01e27c74-4ff6-4259-8330-7f6cc0ec240c"]},"geometry":null,"startAt":"2024-03-19","endAt":null,"registrationAt":"2024-07-01","correctionFor":null,"correctedBy":null}}'
    headers:
      Allow:
      - GET, POST, HEAD, OPTIONS
      Connection:
      - keep-alive
      Content-Crs:
      - EPSG:4326
      Content-Length:
      - '643'
      Content-Type:
      - application/json
      Cross-Origin-Opener-Policy:
      - same-origin
      Date:
      - Mon, 01 Jul 2024 13:42:06 GMT
      Location:
      - http://localhost:81/api/v2/objects/7faaa415-9e7d-4fed-b2fe-5922d3d785a9
      Referrer-Policy:
      - same-origin
      Server:
      - nginx/1.27.0
      X-Content-Type-Options:
      - nosniff
      X-Frame-Options:
      - DENY
    status:
      code: 201
      message: Created
version: 1
