interactions:
- request:
    body: null
    headers:
      Accept:
      - '*/*'
      Accept-Encoding:
      - gzip, deflate, br
      Authorization:
      - Bearer eyJhbGciOiJIUzI1NiIsInR5cCI6IkpXVCJ9.eyJpc3MiOiJ0ZXN0X2NsaWVudF9pZCIsImlhdCI6MTcyNjQ5NjM1NiwiY2xpZW50X2lkIjoidGVzdF9jbGllbnRfaWQiLCJ1c2VyX2lkIjoiIiwidXNlcl9yZXByZXNlbnRhdGlvbiI6IiJ9.ZEBqrPJDcjszbrI8yo_fwFCCZOJm4VTOPnGXPLgoZ_k
      Connection:
      - keep-alive
      User-Agent:
      - python-requests/2.32.2
    method: GET
    uri: http://localhost:8003/catalogi/api/v1/catalogussen?domein=TEST&rsin=000000000
  response:
    body:
      string: '{"count":1,"next":null,"previous":null,"results":[{"url":"http://localhost:8003/catalogi/api/v1/catalogussen/bd58635c-793e-446d-a7e0-460d7b04829d","domein":"TEST","rsin":"000000000","contactpersoonBeheerNaam":"Test
        name","contactpersoonBeheerTelefoonnummer":"","contactpersoonBeheerEmailadres":"","zaaktypen":["http://localhost:8003/catalogi/api/v1/zaaktypen/b79d9c2f-5ec4-4e23-bb66-ec6dd959a400","http://localhost:8003/catalogi/api/v1/zaaktypen/1f41885e-23fc-4462-bbc8-80be4ae484dc"],"besluittypen":[],"informatieobjecttypen":["http://localhost:8003/catalogi/api/v1/informatieobjecttypen/7a474713-0833-402a-8441-e467c08ac55b","http://localhost:8003/catalogi/api/v1/informatieobjecttypen/b2d83b94-9b9b-4e80-a82f-73ff993c62f3","http://localhost:8003/catalogi/api/v1/informatieobjecttypen/531f6c1a-97f7-478c-85f0-67d2f23661c7","http://localhost:8003/catalogi/api/v1/informatieobjecttypen/29b63e5c-3835-4f68-8fad-f2aea9ae6b71"],"naam":"Test
        catalog","versie":"","begindatumVersie":null}]}'
    headers:
      API-version:
      - 1.3.1
      Allow:
      - GET, POST, HEAD, OPTIONS
      Content-Length:
      - '985'
      Content-Type:
      - application/json
      Cross-Origin-Opener-Policy:
      - same-origin
      Referrer-Policy:
      - same-origin
      Vary:
      - Accept, origin
      X-Content-Type-Options:
      - nosniff
      X-Frame-Options:
      - DENY
    status:
      code: 200
      message: OK
- request:
    body: null
    headers:
      Accept:
      - '*/*'
      Accept-Encoding:
      - gzip, deflate, br
      Authorization:
      - Bearer eyJhbGciOiJIUzI1NiIsInR5cCI6IkpXVCJ9.eyJpc3MiOiJ0ZXN0X2NsaWVudF9pZCIsImlhdCI6MTcyNjQ5NjM1NiwiY2xpZW50X2lkIjoidGVzdF9jbGllbnRfaWQiLCJ1c2VyX2lkIjoiIiwidXNlcl9yZXByZXNlbnRhdGlvbiI6IiJ9.ZEBqrPJDcjszbrI8yo_fwFCCZOJm4VTOPnGXPLgoZ_k
      Connection:
      - keep-alive
      User-Agent:
      - python-requests/2.32.2
    method: GET
    uri: http://localhost:8003/catalogi/api/v1/informatieobjecttypen?catalogus=http%3A%2F%2Flocalhost%3A8003%2Fcatalogi%2Fapi%2Fv1%2Fcatalogussen%2Fbd58635c-793e-446d-a7e0-460d7b04829d&omschrijving=PDF+Informatieobjecttype&datumGeldigheid=2024-07-01
  response:
    body:
      string: '{"count":1,"next":null,"previous":null,"results":[{"url":"http://localhost:8003/catalogi/api/v1/informatieobjecttypen/7a474713-0833-402a-8441-e467c08ac55b","catalogus":"http://localhost:8003/catalogi/api/v1/catalogussen/bd58635c-793e-446d-a7e0-460d7b04829d","omschrijving":"PDF
        Informatieobjecttype","vertrouwelijkheidaanduiding":"openbaar","beginGeldigheid":"2024-03-19","eindeGeldigheid":"2024-07-10","concept":false,"besluittypen":[],"informatieobjectcategorie":"Test
        category","trefwoord":[],"omschrijvingGeneriek":{"informatieobjecttypeOmschrijvingGeneriek":"","definitieInformatieobjecttypeOmschrijvingGeneriek":"","herkomstInformatieobjecttypeOmschrijvingGeneriek":"","hierarchieInformatieobjecttypeOmschrijvingGeneriek":"","opmerkingInformatieobjecttypeOmschrijvingGeneriek":""},"zaaktypen":[],"beginObject":"2024-03-19","eindeObject":null}]}'
    headers:
      API-version:
      - 1.3.1
      Allow:
      - GET, POST, HEAD, OPTIONS
      Content-Length:
      - '850'
      Content-Type:
      - application/json
      Cross-Origin-Opener-Policy:
      - same-origin
      Referrer-Policy:
      - same-origin
      Vary:
      - Accept, origin
      X-Content-Type-Options:
      - nosniff
      X-Frame-Options:
      - DENY
    status:
      code: 200
      message: OK
- request:
    body: '{"informatieobjecttype": "http://localhost:8003/catalogi/api/v1/informatieobjecttypen/7a474713-0833-402a-8441-e467c08ac55b",
      "bronorganisatie": "000000000", "creatiedatum": "2024-09-16", "titel": "Form
      008", "auteur": "Aanvrager", "taal": "nld", "formaat": "application/octet-stream",
      "inhoud": "Y29udGVudA==", "status": "definitief", "bestandsnaam": "attachment",
      "ontvangstdatum": "2024-07-01", "beschrijving": "Bijgevoegd document", "indicatieGebruiksrecht":
      false, "bestandsomvang": 7}'
    headers:
      Accept:
      - '*/*'
      Accept-Encoding:
      - gzip, deflate, br
      Authorization:
      - Bearer eyJhbGciOiJIUzI1NiIsInR5cCI6IkpXVCJ9.eyJpc3MiOiJ0ZXN0X2NsaWVudF9pZCIsImlhdCI6MTcyNjQ5NjM1NiwiY2xpZW50X2lkIjoidGVzdF9jbGllbnRfaWQiLCJ1c2VyX2lkIjoiIiwidXNlcl9yZXByZXNlbnRhdGlvbiI6IiJ9.ZEBqrPJDcjszbrI8yo_fwFCCZOJm4VTOPnGXPLgoZ_k
      Connection:
      - keep-alive
      Content-Length:
      - '489'
      Content-Type:
      - application/json
      User-Agent:
      - python-requests/2.32.2
    method: POST
    uri: http://localhost:8003/documenten/api/v1/enkelvoudiginformatieobjecten
  response:
    body:
      string: '{"url":"http://localhost:8003/documenten/api/v1/enkelvoudiginformatieobjecten/f8e94a8d-2443-448a-82a5-55726c78ebc1","identificatie":"DOCUMENT-2024-0000000052","bronorganisatie":"000000000","creatiedatum":"2024-09-16","titel":"Form
        008","vertrouwelijkheidaanduiding":"openbaar","auteur":"Aanvrager","status":"definitief","formaat":"application/octet-stream","taal":"nld","versie":1,"beginRegistratie":"2024-09-16T14:19:16.435635Z","bestandsnaam":"attachment","inhoud":"http://localhost:8003/documenten/api/v1/enkelvoudiginformatieobjecten/f8e94a8d-2443-448a-82a5-55726c78ebc1/download?versie=1","bestandsomvang":7,"link":"","beschrijving":"Bijgevoegd
        document","ontvangstdatum":"2024-07-01","verzenddatum":null,"indicatieGebruiksrecht":false,"verschijningsvorm":"","ondertekening":{"soort":"","datum":null},"integriteit":{"algoritme":"","waarde":"","datum":null},"informatieobjecttype":"http://localhost:8003/catalogi/api/v1/informatieobjecttypen/7a474713-0833-402a-8441-e467c08ac55b","locked":false,"bestandsdelen":[],"trefwoorden":[],"lock":""}'
    headers:
      API-version:
      - 1.4.2
      Allow:
      - GET, POST, HEAD, OPTIONS
      Content-Length:
      - '1045'
      Content-Type:
      - application/json
      Cross-Origin-Opener-Policy:
      - same-origin
      Location:
      - http://localhost:8003/documenten/api/v1/enkelvoudiginformatieobjecten/f8e94a8d-2443-448a-82a5-55726c78ebc1
      Referrer-Policy:
      - same-origin
      Vary:
      - origin
      X-Content-Type-Options:
      - nosniff
      X-Frame-Options:
      - DENY
    status:
      code: 201
      message: Created
- request:
    body: null
    headers:
      Accept:
      - '*/*'
      Accept-Encoding:
      - gzip, deflate, br
      Authorization:
      - Token 171be5abaf41e7856b423ad513df1ef8f867ff48
      Connection:
      - keep-alive
      User-Agent:
      - python-requests/2.32.2
    method: GET
    uri: http://localhost:8001/api/v2/objecttypes/527b8408-7421-4808-a744-43ccb7bdaaa2
  response:
    body:
      string: '{"url":"http://objecttypes-web:8000/api/v2/objecttypes/527b8408-7421-4808-a744-43ccb7bdaaa2","uuid":"527b8408-7421-4808-a744-43ccb7bdaaa2","name":"File
        Uploads","namePlural":"File Uploads","description":"","dataClassification":"confidential","maintainerOrganization":"","maintainerDepartment":"","contactPerson":"","contactEmail":"","source":"","updateFrequency":"unknown","providerOrganization":"","documentationUrl":"","labels":{},"createdAt":"2024-02-08","modifiedAt":"2024-02-08","allowGeometry":true,"versions":["http://objecttypes-web:8000/api/v2/objecttypes/527b8408-7421-4808-a744-43ccb7bdaaa2/versions/1"]}'
    headers:
      Allow:
      - GET, PUT, PATCH, DELETE, HEAD, OPTIONS
      Connection:
      - keep-alive
      Content-Length:
      - '615'
      Content-Type:
      - application/json
      Cross-Origin-Opener-Policy:
      - same-origin
      Date:
      - Mon, 16 Sep 2024 14:19:16 GMT
      Referrer-Policy:
      - same-origin
      Server:
      - nginx/1.27.0
      Vary:
      - origin
      X-Content-Type-Options:
      - nosniff
      X-Frame-Options:
      - DENY
    status:
      code: 200
      message: OK
- request:
    body: '{"type": "http://objecttypes-web:8000/api/v2/objecttypes/527b8408-7421-4808-a744-43ccb7bdaaa2",
      "record": {"typeVersion": 1, "data": {"single_file": "http://localhost:8003/documenten/api/v1/enkelvoudiginformatieobjecten/f8e94a8d-2443-448a-82a5-55726c78ebc1"},
      "startAt": "2024-09-16"}}'
    headers:
      Accept:
      - '*/*'
      Accept-Encoding:
      - gzip, deflate, br
      Authorization:
      - Token 7657474c3d75f56ae0abd0d1bf7994b09964dca9
      Connection:
      - keep-alive
      Content-Crs:
      - EPSG:4326
      Content-Length:
      - '285'
      Content-Type:
      - application/json
      User-Agent:
      - python-requests/2.32.2
    method: POST
    uri: http://localhost:8002/api/v2/objects
  response:
    body:
      string: '{"url":"http://objects-web:8000/api/v2/objects/78586540-64bc-4199-aa8e-2d4adb8db8de","uuid":"78586540-64bc-4199-aa8e-2d4adb8db8de","type":"http://objecttypes-web:8000/api/v2/objecttypes/527b8408-7421-4808-a744-43ccb7bdaaa2","record":{"index":1,"typeVersion":1,"data":{"single_file":"http://localhost:8003/documenten/api/v1/enkelvoudiginformatieobjecten/f8e94a8d-2443-448a-82a5-55726c78ebc1"},"geometry":null,"startAt":"2024-09-16","endAt":null,"registrationAt":"2024-09-16","correctionFor":null,"correctedBy":null}}'
    headers:
      Allow:
      - GET, POST, HEAD, OPTIONS
      Connection:
      - keep-alive
      Content-Crs:
      - EPSG:4326
      Content-Length:
      - '515'
      Content-Type:
      - application/json
      Cross-Origin-Opener-Policy:
      - same-origin
      Date:
      - Mon, 16 Sep 2024 14:19:16 GMT
      Location:
      - http://localhost:8002/api/v2/objects/78586540-64bc-4199-aa8e-2d4adb8db8de
      Referrer-Policy:
      - same-origin
      Server:
      - nginx/1.27.0
      Vary:
      - origin
      X-Content-Type-Options:
      - nosniff
      X-Frame-Options:
      - DENY
    status:
      code: 201
      message: Created
- request:
    body: null
    headers:
      Accept:
      - '*/*'
      Accept-Encoding:
      - gzip, deflate, br
      Authorization:
      - Bearer eyJhbGciOiJIUzI1NiIsInR5cCI6IkpXVCJ9.eyJpc3MiOiJ0ZXN0X2NsaWVudF9pZCIsImlhdCI6MTcyNjQ5NjM1NiwiY2xpZW50X2lkIjoidGVzdF9jbGllbnRfaWQiLCJ1c2VyX2lkIjoiIiwidXNlcl9yZXByZXNlbnRhdGlvbiI6IiJ9.ZEBqrPJDcjszbrI8yo_fwFCCZOJm4VTOPnGXPLgoZ_k
      Connection:
      - keep-alive
      User-Agent:
      - python-requests/2.32.2
    method: GET
    uri: http://localhost:8003/documenten/api/v1/enkelvoudiginformatieobjecten/f8e94a8d-2443-448a-82a5-55726c78ebc1
  response:
    body:
      string: '{"url":"http://localhost:8003/documenten/api/v1/enkelvoudiginformatieobjecten/f8e94a8d-2443-448a-82a5-55726c78ebc1","identificatie":"DOCUMENT-2024-0000000052","bronorganisatie":"000000000","creatiedatum":"2024-09-16","titel":"Form
        008","vertrouwelijkheidaanduiding":"openbaar","auteur":"Aanvrager","status":"definitief","formaat":"application/octet-stream","taal":"nld","versie":1,"beginRegistratie":"2024-09-16T14:19:16.435635Z","bestandsnaam":"attachment","inhoud":"http://localhost:8003/documenten/api/v1/enkelvoudiginformatieobjecten/f8e94a8d-2443-448a-82a5-55726c78ebc1/download?versie=1","bestandsomvang":7,"link":"","beschrijving":"Bijgevoegd
        document","ontvangstdatum":"2024-07-01","verzenddatum":null,"indicatieGebruiksrecht":false,"verschijningsvorm":"","ondertekening":{"soort":"","datum":null},"integriteit":{"algoritme":"","waarde":"","datum":null},"informatieobjecttype":"http://localhost:8003/catalogi/api/v1/informatieobjecttypen/7a474713-0833-402a-8441-e467c08ac55b","locked":false,"bestandsdelen":[],"trefwoorden":[]}'
    headers:
      API-version:
      - 1.4.2
      Allow:
      - GET, PUT, PATCH, DELETE, HEAD, OPTIONS
      Content-Length:
      - '1035'
      Content-Type:
      - application/json
      Cross-Origin-Opener-Policy:
      - same-origin
      ETag:
      - '"b31f5bc8d256070c57ee3dedd2db7187"'
      Referrer-Policy:
      - same-origin
      Vary:
      - origin
      X-Content-Type-Options:
      - nosniff
      X-Frame-Options:
      - DENY
    status:
      code: 200
      message: OK
- request:
    body: null
    headers:
      Accept:
      - '*/*'
      Accept-Encoding:
      - gzip, deflate, br
      Authorization:
      - Bearer eyJhbGciOiJIUzI1NiIsInR5cCI6IkpXVCJ9.eyJpc3MiOiJ0ZXN0X2NsaWVudF9pZCIsImlhdCI6MTcyNjQ5NjM1NiwiY2xpZW50X2lkIjoidGVzdF9jbGllbnRfaWQiLCJ1c2VyX2lkIjoiIiwidXNlcl9yZXByZXNlbnRhdGlvbiI6IiJ9.ZEBqrPJDcjszbrI8yo_fwFCCZOJm4VTOPnGXPLgoZ_k
      Connection:
      - keep-alive
      User-Agent:
      - python-requests/2.32.2
    method: GET
    uri: http://localhost:8003/catalogi/api/v1/catalogussen?domein=TEST&rsin=000000000
  response:
    body:
      string: '{"count":1,"next":null,"previous":null,"results":[{"url":"http://localhost:8003/catalogi/api/v1/catalogussen/bd58635c-793e-446d-a7e0-460d7b04829d","domein":"TEST","rsin":"000000000","contactpersoonBeheerNaam":"Test
        name","contactpersoonBeheerTelefoonnummer":"","contactpersoonBeheerEmailadres":"","zaaktypen":["http://localhost:8003/catalogi/api/v1/zaaktypen/b79d9c2f-5ec4-4e23-bb66-ec6dd959a400","http://localhost:8003/catalogi/api/v1/zaaktypen/1f41885e-23fc-4462-bbc8-80be4ae484dc"],"besluittypen":[],"informatieobjecttypen":["http://localhost:8003/catalogi/api/v1/informatieobjecttypen/7a474713-0833-402a-8441-e467c08ac55b","http://localhost:8003/catalogi/api/v1/informatieobjecttypen/b2d83b94-9b9b-4e80-a82f-73ff993c62f3","http://localhost:8003/catalogi/api/v1/informatieobjecttypen/531f6c1a-97f7-478c-85f0-67d2f23661c7","http://localhost:8003/catalogi/api/v1/informatieobjecttypen/29b63e5c-3835-4f68-8fad-f2aea9ae6b71"],"naam":"Test
        catalog","versie":"","begindatumVersie":null}]}'
    headers:
      API-version:
      - 1.3.1
      Allow:
      - GET, POST, HEAD, OPTIONS
      Content-Length:
      - '985'
      Content-Type:
      - application/json
      Cross-Origin-Opener-Policy:
      - same-origin
      Referrer-Policy:
      - same-origin
      Vary:
      - Accept, origin
      X-Content-Type-Options:
      - nosniff
      X-Frame-Options:
      - DENY
    status:
      code: 200
      message: OK
- request:
    body: null
    headers:
      Accept:
      - '*/*'
      Accept-Encoding:
      - gzip, deflate, br
      Authorization:
      - Bearer eyJhbGciOiJIUzI1NiIsInR5cCI6IkpXVCJ9.eyJpc3MiOiJ0ZXN0X2NsaWVudF9pZCIsImlhdCI6MTcyNjQ5NjM1NiwiY2xpZW50X2lkIjoidGVzdF9jbGllbnRfaWQiLCJ1c2VyX2lkIjoiIiwidXNlcl9yZXByZXNlbnRhdGlvbiI6IiJ9.ZEBqrPJDcjszbrI8yo_fwFCCZOJm4VTOPnGXPLgoZ_k
      Connection:
      - keep-alive
      User-Agent:
      - python-requests/2.32.2
    method: GET
    uri: http://localhost:8003/catalogi/api/v1/informatieobjecttypen?catalogus=http%3A%2F%2Flocalhost%3A8003%2Fcatalogi%2Fapi%2Fv1%2Fcatalogussen%2Fbd58635c-793e-446d-a7e0-460d7b04829d&omschrijving=PDF+Informatieobjecttype&datumGeldigheid=2024-07-01
  response:
    body:
      string: '{"count":1,"next":null,"previous":null,"results":[{"url":"http://localhost:8003/catalogi/api/v1/informatieobjecttypen/7a474713-0833-402a-8441-e467c08ac55b","catalogus":"http://localhost:8003/catalogi/api/v1/catalogussen/bd58635c-793e-446d-a7e0-460d7b04829d","omschrijving":"PDF
        Informatieobjecttype","vertrouwelijkheidaanduiding":"openbaar","beginGeldigheid":"2024-03-19","eindeGeldigheid":"2024-07-10","concept":false,"besluittypen":[],"informatieobjectcategorie":"Test
        category","trefwoord":[],"omschrijvingGeneriek":{"informatieobjecttypeOmschrijvingGeneriek":"","definitieInformatieobjecttypeOmschrijvingGeneriek":"","herkomstInformatieobjecttypeOmschrijvingGeneriek":"","hierarchieInformatieobjecttypeOmschrijvingGeneriek":"","opmerkingInformatieobjecttypeOmschrijvingGeneriek":""},"zaaktypen":[],"beginObject":"2024-03-19","eindeObject":null}]}'
    headers:
      API-version:
      - 1.3.1
      Allow:
      - GET, POST, HEAD, OPTIONS
      Content-Length:
      - '850'
      Content-Type:
      - application/json
      Cross-Origin-Opener-Policy:
      - same-origin
      Referrer-Policy:
      - same-origin
      Vary:
      - Accept, origin
      X-Content-Type-Options:
      - nosniff
      X-Frame-Options:
      - DENY
    status:
      code: 200
      message: OK
- request:
    body: '{"informatieobjecttype": "http://localhost:8003/catalogi/api/v1/informatieobjecttypen/7a474713-0833-402a-8441-e467c08ac55b",
      "bronorganisatie": "000000000", "creatiedatum": "2024-09-16", "titel": "Form
      008", "auteur": "Aanvrager", "taal": "nld", "formaat": "application/pdf", "inhoud":
      "", "status": "definitief", "bestandsnaam": "open-forms-Form 008.pdf", "ontvangstdatum":
      null, "beschrijving": "Ingezonden formulier", "indicatieGebruiksrecht": false,
      "bestandsomvang": 0}'
    headers:
      Accept:
      - '*/*'
      Accept-Encoding:
      - gzip, deflate, br
      Authorization:
      - Bearer eyJhbGciOiJIUzI1NiIsInR5cCI6IkpXVCJ9.eyJpc3MiOiJ0ZXN0X2NsaWVudF9pZCIsImlhdCI6MTcyNjQ5NjM1NiwiY2xpZW50X2lkIjoidGVzdF9jbGllbnRfaWQiLCJ1c2VyX2lkIjoiIiwidXNlcl9yZXByZXNlbnRhdGlvbiI6IiJ9.ZEBqrPJDcjszbrI8yo_fwFCCZOJm4VTOPnGXPLgoZ_k
      Connection:
      - keep-alive
      Content-Length:
      - '474'
      Content-Type:
      - application/json
      User-Agent:
      - python-requests/2.32.2
    method: POST
    uri: http://localhost:8003/documenten/api/v1/enkelvoudiginformatieobjecten
  response:
    body:
      string: '{"url":"http://localhost:8003/documenten/api/v1/enkelvoudiginformatieobjecten/18c33839-d448-46f4-91f8-96b99941bbe4","identificatie":"DOCUMENT-2024-0000000053","bronorganisatie":"000000000","creatiedatum":"2024-09-16","titel":"Form
        008","vertrouwelijkheidaanduiding":"openbaar","auteur":"Aanvrager","status":"definitief","formaat":"application/pdf","taal":"nld","versie":1,"beginRegistratie":"2024-09-16T14:19:17.062952Z","bestandsnaam":"open-forms-Form
        008.pdf","inhoud":"http://localhost:8003/documenten/api/v1/enkelvoudiginformatieobjecten/18c33839-d448-46f4-91f8-96b99941bbe4/download?versie=1","bestandsomvang":0,"link":"","beschrijving":"Ingezonden
        formulier","ontvangstdatum":null,"verzenddatum":null,"indicatieGebruiksrecht":false,"verschijningsvorm":"","ondertekening":{"soort":"","datum":null},"integriteit":{"algoritme":"","waarde":"","datum":null},"informatieobjecttype":"http://localhost:8003/catalogi/api/v1/informatieobjecttypen/7a474713-0833-402a-8441-e467c08ac55b","locked":false,"bestandsdelen":[],"trefwoorden":[],"lock":""}'
    headers:
      API-version:
      - 1.4.2
      Allow:
      - GET, POST, HEAD, OPTIONS
      Content-Length:
      - '1042'
      Content-Type:
      - application/json
      Cross-Origin-Opener-Policy:
      - same-origin
      Location:
      - http://localhost:8003/documenten/api/v1/enkelvoudiginformatieobjecten/18c33839-d448-46f4-91f8-96b99941bbe4
      Referrer-Policy:
      - same-origin
      Vary:
      - origin
      X-Content-Type-Options:
      - nosniff
      X-Frame-Options:
      - DENY
    status:
      code: 201
      message: Created
- request:
    body: null
    headers:
      Accept:
      - '*/*'
      Accept-Encoding:
      - gzip, deflate, br
      Authorization:
      - Token 171be5abaf41e7856b423ad513df1ef8f867ff48
      Connection:
      - keep-alive
      User-Agent:
      - python-requests/2.32.2
    method: GET
    uri: http://localhost:8001/api/v2/objecttypes/527b8408-7421-4808-a744-43ccb7bdaaa2
  response:
    body:
      string: '{"url":"http://objecttypes-web:8000/api/v2/objecttypes/527b8408-7421-4808-a744-43ccb7bdaaa2","uuid":"527b8408-7421-4808-a744-43ccb7bdaaa2","name":"File
        Uploads","namePlural":"File Uploads","description":"","dataClassification":"confidential","maintainerOrganization":"","maintainerDepartment":"","contactPerson":"","contactEmail":"","source":"","updateFrequency":"unknown","providerOrganization":"","documentationUrl":"","labels":{},"createdAt":"2024-02-08","modifiedAt":"2024-02-08","allowGeometry":true,"versions":["http://objecttypes-web:8000/api/v2/objecttypes/527b8408-7421-4808-a744-43ccb7bdaaa2/versions/1"]}'
    headers:
      Allow:
      - GET, PUT, PATCH, DELETE, HEAD, OPTIONS
      Connection:
      - keep-alive
      Content-Length:
      - '615'
      Content-Type:
      - application/json
      Cross-Origin-Opener-Policy:
      - same-origin
      Date:
      - Mon, 16 Sep 2024 14:19:17 GMT
      Referrer-Policy:
      - same-origin
      Server:
      - nginx/1.27.0
      Vary:
      - origin
      X-Content-Type-Options:
      - nosniff
      X-Frame-Options:
      - DENY
    status:
      code: 200
      message: OK
- request:
    body: null
    headers:
      Accept:
      - '*/*'
      Accept-Encoding:
      - gzip, deflate, br
      Authorization:
      - Bearer eyJhbGciOiJIUzI1NiIsInR5cCI6IkpXVCJ9.eyJpc3MiOiJ0ZXN0X2NsaWVudF9pZCIsImlhdCI6MTcyNjQ5NjM1NywiY2xpZW50X2lkIjoidGVzdF9jbGllbnRfaWQiLCJ1c2VyX2lkIjoiIiwidXNlcl9yZXByZXNlbnRhdGlvbiI6IiJ9.E7esqdKazXJ2UMh0sSZDwvl1TXf9q1_oISE8CKgAO6Q
      Connection:
      - keep-alive
      User-Agent:
      - python-requests/2.32.2
    method: GET
    uri: http://localhost:8003/documenten/api/v1/enkelvoudiginformatieobjecten/f8e94a8d-2443-448a-82a5-55726c78ebc1
  response:
    body:
      string: '{"url":"http://localhost:8003/documenten/api/v1/enkelvoudiginformatieobjecten/f8e94a8d-2443-448a-82a5-55726c78ebc1","identificatie":"DOCUMENT-2024-0000000052","bronorganisatie":"000000000","creatiedatum":"2024-09-16","titel":"Form
        008","vertrouwelijkheidaanduiding":"openbaar","auteur":"Aanvrager","status":"definitief","formaat":"application/octet-stream","taal":"nld","versie":1,"beginRegistratie":"2024-09-16T14:19:16.435635Z","bestandsnaam":"attachment","inhoud":"http://localhost:8003/documenten/api/v1/enkelvoudiginformatieobjecten/f8e94a8d-2443-448a-82a5-55726c78ebc1/download?versie=1","bestandsomvang":7,"link":"","beschrijving":"Bijgevoegd
        document","ontvangstdatum":"2024-07-01","verzenddatum":null,"indicatieGebruiksrecht":false,"verschijningsvorm":"","ondertekening":{"soort":"","datum":null},"integriteit":{"algoritme":"","waarde":"","datum":null},"informatieobjecttype":"http://localhost:8003/catalogi/api/v1/informatieobjecttypen/7a474713-0833-402a-8441-e467c08ac55b","locked":false,"bestandsdelen":[],"trefwoorden":[]}'
    headers:
      API-version:
      - 1.4.2
      Allow:
      - GET, PUT, PATCH, DELETE, HEAD, OPTIONS
      Content-Length:
      - '1035'
      Content-Type:
      - application/json
      Cross-Origin-Opener-Policy:
      - same-origin
      ETag:
      - '"b31f5bc8d256070c57ee3dedd2db7187"'
      Referrer-Policy:
      - same-origin
      Vary:
      - origin
      X-Content-Type-Options:
      - nosniff
      X-Frame-Options:
      - DENY
    status:
      code: 200
      message: OK
- request:
    body: null
    headers:
      Accept:
      - '*/*'
      Accept-Encoding:
      - gzip, deflate, br
      Authorization:
      - Bearer eyJhbGciOiJIUzI1NiIsInR5cCI6IkpXVCJ9.eyJpc3MiOiJ0ZXN0X2NsaWVudF9pZCIsImlhdCI6MTcyNjQ5NjM1NywiY2xpZW50X2lkIjoidGVzdF9jbGllbnRfaWQiLCJ1c2VyX2lkIjoiIiwidXNlcl9yZXByZXNlbnRhdGlvbiI6IiJ9.E7esqdKazXJ2UMh0sSZDwvl1TXf9q1_oISE8CKgAO6Q
      Connection:
      - keep-alive
      User-Agent:
      - python-requests/2.32.2
    method: GET
    uri: http://localhost:8003/catalogi/api/v1/catalogussen?domein=TEST&rsin=000000000
  response:
    body:
      string: '{"count":1,"next":null,"previous":null,"results":[{"url":"http://localhost:8003/catalogi/api/v1/catalogussen/bd58635c-793e-446d-a7e0-460d7b04829d","domein":"TEST","rsin":"000000000","contactpersoonBeheerNaam":"Test
        name","contactpersoonBeheerTelefoonnummer":"","contactpersoonBeheerEmailadres":"","zaaktypen":["http://localhost:8003/catalogi/api/v1/zaaktypen/b79d9c2f-5ec4-4e23-bb66-ec6dd959a400","http://localhost:8003/catalogi/api/v1/zaaktypen/1f41885e-23fc-4462-bbc8-80be4ae484dc"],"besluittypen":[],"informatieobjecttypen":["http://localhost:8003/catalogi/api/v1/informatieobjecttypen/7a474713-0833-402a-8441-e467c08ac55b","http://localhost:8003/catalogi/api/v1/informatieobjecttypen/b2d83b94-9b9b-4e80-a82f-73ff993c62f3","http://localhost:8003/catalogi/api/v1/informatieobjecttypen/531f6c1a-97f7-478c-85f0-67d2f23661c7","http://localhost:8003/catalogi/api/v1/informatieobjecttypen/29b63e5c-3835-4f68-8fad-f2aea9ae6b71"],"naam":"Test
        catalog","versie":"","begindatumVersie":null}]}'
    headers:
      API-version:
      - 1.3.1
      Allow:
      - GET, POST, HEAD, OPTIONS
      Content-Length:
      - '985'
      Content-Type:
      - application/json
      Cross-Origin-Opener-Policy:
      - same-origin
      Referrer-Policy:
      - same-origin
      Vary:
      - Accept, origin
      X-Content-Type-Options:
      - nosniff
      X-Frame-Options:
      - DENY
    status:
      code: 200
      message: OK
- request:
    body: null
    headers:
      Accept:
      - '*/*'
      Accept-Encoding:
      - gzip, deflate, br
      Authorization:
      - Bearer eyJhbGciOiJIUzI1NiIsInR5cCI6IkpXVCJ9.eyJpc3MiOiJ0ZXN0X2NsaWVudF9pZCIsImlhdCI6MTcyNjQ5NjM1NywiY2xpZW50X2lkIjoidGVzdF9jbGllbnRfaWQiLCJ1c2VyX2lkIjoiIiwidXNlcl9yZXByZXNlbnRhdGlvbiI6IiJ9.E7esqdKazXJ2UMh0sSZDwvl1TXf9q1_oISE8CKgAO6Q
      Connection:
      - keep-alive
      User-Agent:
      - python-requests/2.32.2
    method: GET
    uri: http://localhost:8003/catalogi/api/v1/informatieobjecttypen?catalogus=http%3A%2F%2Flocalhost%3A8003%2Fcatalogi%2Fapi%2Fv1%2Fcatalogussen%2Fbd58635c-793e-446d-a7e0-460d7b04829d&omschrijving=PDF+Informatieobjecttype&datumGeldigheid=2024-07-01
  response:
    body:
      string: '{"count":1,"next":null,"previous":null,"results":[{"url":"http://localhost:8003/catalogi/api/v1/informatieobjecttypen/7a474713-0833-402a-8441-e467c08ac55b","catalogus":"http://localhost:8003/catalogi/api/v1/catalogussen/bd58635c-793e-446d-a7e0-460d7b04829d","omschrijving":"PDF
        Informatieobjecttype","vertrouwelijkheidaanduiding":"openbaar","beginGeldigheid":"2024-03-19","eindeGeldigheid":"2024-07-10","concept":false,"besluittypen":[],"informatieobjectcategorie":"Test
        category","trefwoord":[],"omschrijvingGeneriek":{"informatieobjecttypeOmschrijvingGeneriek":"","definitieInformatieobjecttypeOmschrijvingGeneriek":"","herkomstInformatieobjecttypeOmschrijvingGeneriek":"","hierarchieInformatieobjecttypeOmschrijvingGeneriek":"","opmerkingInformatieobjecttypeOmschrijvingGeneriek":""},"zaaktypen":[],"beginObject":"2024-03-19","eindeObject":null}]}'
    headers:
      API-version:
      - 1.3.1
      Allow:
      - GET, POST, HEAD, OPTIONS
      Content-Length:
      - '850'
      Content-Type:
      - application/json
      Cross-Origin-Opener-Policy:
      - same-origin
      Referrer-Policy:
      - same-origin
      Vary:
      - Accept, origin
      X-Content-Type-Options:
      - nosniff
      X-Frame-Options:
      - DENY
    status:
      code: 200
      message: OK
- request:
    body: '{"informatieobjecttype": "http://localhost:8003/catalogi/api/v1/informatieobjecttypen/7a474713-0833-402a-8441-e467c08ac55b",
      "bronorganisatie": "000000000", "creatiedatum": "2024-09-16", "titel": "Form
      008 (csv)", "auteur": "Aanvrager", "taal": "nld", "formaat": "text/csv", "inhoud":
      "Rm9ybXVsaWVybmFhbSxJbnplbmRpbmdkYXR1bSxhdHRhY2htZW50DQpGb3JtIDAwOCwyMDI0LTA3LTAxIDE0OjAwOjAwLCJbeyd1cmwnOiAnaHR0cDovL2xvY2FsaG9zdC9hcGkvdjIvc3VibWlzc2lvbnMvZmlsZXMvMDcyNmFiNzItYTQ2Ny00ZmU1LThjMjUtMmJmZjIzNjgzMTA4JywgJ2RhdGEnOiB7J3VybCc6ICdodHRwOi8vbG9jYWxob3N0L2FwaS92Mi9zdWJtaXNzaW9ucy9maWxlcy8wNzI2YWI3Mi1hNDY3LTRmZTUtOGMyNS0yYmZmMjM2ODMxMDgnLCAnZm9ybSc6ICcnLCAnbmFtZSc6ICdmb28tNC5iaW4nLCAnc2l6ZSc6IDY4MTUsICdiYXNlVXJsJzogJ2h0dHA6Ly9sb2NhbGhvc3QnLCAncHJvamVjdCc6ICcnfSwgJ25hbWUnOiAnZm9vLTQuYmluJywgJ3NpemUnOiA2ODE1LCAndHlwZSc6ICdhcHBsaWNhdGlvbi9mb28nLCAnc3RvcmFnZSc6ICd1cmwnLCAnb3JpZ2luYWxOYW1lJzogJ2Zvby00LmJpbid9XSINCg==",
      "status": "definitief", "bestandsnaam": "open-forms-Form 008 (csv).csv", "ontvangstdatum":
      null, "beschrijving": "Ingezonden formulierdata", "indicatieGebruiksrecht":
      false, "bestandsomvang": 466}'
    headers:
      Accept:
      - '*/*'
      Accept-Encoding:
      - gzip, deflate, br
      Authorization:
      - Bearer eyJhbGciOiJIUzI1NiIsInR5cCI6IkpXVCJ9.eyJpc3MiOiJ0ZXN0X2NsaWVudF9pZCIsImlhdCI6MTcyNjQ5NjM1NywiY2xpZW50X2lkIjoidGVzdF9jbGllbnRfaWQiLCJ1c2VyX2lkIjoiIiwidXNlcl9yZXByZXNlbnRhdGlvbiI6IiJ9.E7esqdKazXJ2UMh0sSZDwvl1TXf9q1_oISE8CKgAO6Q
      Connection:
      - keep-alive
      Content-Length:
      - '1109'
      Content-Type:
      - application/json
      User-Agent:
      - python-requests/2.32.2
    method: POST
    uri: http://localhost:8003/documenten/api/v1/enkelvoudiginformatieobjecten
  response:
    body:
      string: '{"url":"http://localhost:8003/documenten/api/v1/enkelvoudiginformatieobjecten/855da04a-859f-46e6-a2d0-cd6438625b22","identificatie":"DOCUMENT-2024-0000000054","bronorganisatie":"000000000","creatiedatum":"2024-09-16","titel":"Form
        008 (csv)","vertrouwelijkheidaanduiding":"openbaar","auteur":"Aanvrager","status":"definitief","formaat":"text/csv","taal":"nld","versie":1,"beginRegistratie":"2024-09-16T14:19:17.340204Z","bestandsnaam":"open-forms-Form
        008 (csv).csv","inhoud":"http://localhost:8003/documenten/api/v1/enkelvoudiginformatieobjecten/855da04a-859f-46e6-a2d0-cd6438625b22/download?versie=1","bestandsomvang":466,"link":"","beschrijving":"Ingezonden
        formulierdata","ontvangstdatum":null,"verzenddatum":null,"indicatieGebruiksrecht":false,"verschijningsvorm":"","ondertekening":{"soort":"","datum":null},"integriteit":{"algoritme":"","waarde":"","datum":null},"informatieobjecttype":"http://localhost:8003/catalogi/api/v1/informatieobjecttypen/7a474713-0833-402a-8441-e467c08ac55b","locked":false,"bestandsdelen":[],"trefwoorden":[],"lock":""}'
    headers:
      API-version:
      - 1.4.2
      Allow:
      - GET, POST, HEAD, OPTIONS
      Content-Length:
      - '1053'
      Content-Type:
      - application/json
      Cross-Origin-Opener-Policy:
      - same-origin
      Location:
      - http://localhost:8003/documenten/api/v1/enkelvoudiginformatieobjecten/855da04a-859f-46e6-a2d0-cd6438625b22
      Referrer-Policy:
      - same-origin
      Vary:
      - origin
      X-Content-Type-Options:
      - nosniff
      X-Frame-Options:
      - DENY
    status:
      code: 201
      message: Created
- request:
    body: null
    headers:
      Accept:
      - '*/*'
      Accept-Encoding:
      - gzip, deflate, br
      Authorization:
      - Token 171be5abaf41e7856b423ad513df1ef8f867ff48
      Connection:
      - keep-alive
      User-Agent:
      - python-requests/2.32.2
    method: GET
    uri: http://localhost:8001/api/v2/objecttypes/527b8408-7421-4808-a744-43ccb7bdaaa2
  response:
    body:
      string: '{"url":"http://objecttypes-web:8000/api/v2/objecttypes/527b8408-7421-4808-a744-43ccb7bdaaa2","uuid":"527b8408-7421-4808-a744-43ccb7bdaaa2","name":"File
        Uploads","namePlural":"File Uploads","description":"","dataClassification":"confidential","maintainerOrganization":"","maintainerDepartment":"","contactPerson":"","contactEmail":"","source":"","updateFrequency":"unknown","providerOrganization":"","documentationUrl":"","labels":{},"createdAt":"2024-02-08","modifiedAt":"2024-02-08","allowGeometry":true,"versions":["http://objecttypes-web:8000/api/v2/objecttypes/527b8408-7421-4808-a744-43ccb7bdaaa2/versions/1"]}'
    headers:
      Allow:
      - GET, PUT, PATCH, DELETE, HEAD, OPTIONS
      Connection:
      - keep-alive
      Content-Length:
      - '615'
      Content-Type:
      - application/json
      Cross-Origin-Opener-Policy:
      - same-origin
      Date:
      - Mon, 16 Sep 2024 14:19:17 GMT
      Referrer-Policy:
      - same-origin
      Server:
      - nginx/1.27.0
      Vary:
      - origin
      X-Content-Type-Options:
      - nosniff
      X-Frame-Options:
      - DENY
    status:
      code: 200
      message: OK
- request:
    body: null
    headers:
      Accept:
      - '*/*'
      Accept-Encoding:
      - gzip, deflate, br
      Authorization:
      - Bearer eyJhbGciOiJIUzI1NiIsInR5cCI6IkpXVCJ9.eyJpc3MiOiJ0ZXN0X2NsaWVudF9pZCIsImlhdCI6MTcyNjQ5NjM1NywiY2xpZW50X2lkIjoidGVzdF9jbGllbnRfaWQiLCJ1c2VyX2lkIjoiIiwidXNlcl9yZXByZXNlbnRhdGlvbiI6IiJ9.E7esqdKazXJ2UMh0sSZDwvl1TXf9q1_oISE8CKgAO6Q
      Connection:
      - keep-alive
      User-Agent:
      - python-requests/2.32.2
    method: GET
    uri: http://localhost:8003/documenten/api/v1/enkelvoudiginformatieobjecten/f8e94a8d-2443-448a-82a5-55726c78ebc1
  response:
    body:
      string: '{"url":"http://localhost:8003/documenten/api/v1/enkelvoudiginformatieobjecten/f8e94a8d-2443-448a-82a5-55726c78ebc1","identificatie":"DOCUMENT-2024-0000000052","bronorganisatie":"000000000","creatiedatum":"2024-09-16","titel":"Form
        008","vertrouwelijkheidaanduiding":"openbaar","auteur":"Aanvrager","status":"definitief","formaat":"application/octet-stream","taal":"nld","versie":1,"beginRegistratie":"2024-09-16T14:19:16.435635Z","bestandsnaam":"attachment","inhoud":"http://localhost:8003/documenten/api/v1/enkelvoudiginformatieobjecten/f8e94a8d-2443-448a-82a5-55726c78ebc1/download?versie=1","bestandsomvang":7,"link":"","beschrijving":"Bijgevoegd
        document","ontvangstdatum":"2024-07-01","verzenddatum":null,"indicatieGebruiksrecht":false,"verschijningsvorm":"","ondertekening":{"soort":"","datum":null},"integriteit":{"algoritme":"","waarde":"","datum":null},"informatieobjecttype":"http://localhost:8003/catalogi/api/v1/informatieobjecttypen/7a474713-0833-402a-8441-e467c08ac55b","locked":false,"bestandsdelen":[],"trefwoorden":[]}'
    headers:
      API-version:
      - 1.4.2
      Allow:
      - GET, PUT, PATCH, DELETE, HEAD, OPTIONS
      Content-Length:
      - '1035'
      Content-Type:
      - application/json
      Cross-Origin-Opener-Policy:
      - same-origin
      ETag:
      - '"b31f5bc8d256070c57ee3dedd2db7187"'
      Referrer-Policy:
      - same-origin
      Vary:
      - origin
      X-Content-Type-Options:
      - nosniff
      X-Frame-Options:
      - DENY
    status:
      code: 200
      message: OK
version: 1
