interactions:
- request:
    body: '{"informatieobjecttype": "http://localhost:8003/catalogi/api/v1/informatieobjecttypen/7a474713-0833-402a-8441-e467c08ac55b",
      "bronorganisatie": "000000000", "creatiedatum": "2024-08-08", "titel": "Form
      009", "auteur": "Aanvrager", "taal": "eng", "formaat": "application/pdf", "inhoud":
      "", "status": "definitief", "bestandsnaam": "open-forms-Form 009.pdf", "ontvangstdatum":
      null, "beschrijving": "Ingezonden formulier", "indicatieGebruiksrecht": false,
      "bestandsomvang": 0}'
    headers:
      Accept:
      - '*/*'
      Accept-Encoding:
      - gzip, deflate, br
      Authorization:
      - Bearer eyJhbGciOiJIUzI1NiIsInR5cCI6IkpXVCJ9.eyJpc3MiOiJ0ZXN0X2NsaWVudF9pZCIsImlhdCI6MTcyMzExODg0NywiY2xpZW50X2lkIjoidGVzdF9jbGllbnRfaWQiLCJ1c2VyX2lkIjoiIiwidXNlcl9yZXByZXNlbnRhdGlvbiI6IiJ9.BWDJL0NsjH3zQ_VVofrp15JmssK0j3cB4CybrINrmyU
      Connection:
      - keep-alive
      Content-Length:
      - '474'
      Content-Type:
      - application/json
      User-Agent:
      - python-requests/2.32.2
    method: POST
    uri: http://localhost:8003/documenten/api/v1/enkelvoudiginformatieobjecten
  response:
    body:
      string: '{"url":"http://localhost:8003/documenten/api/v1/enkelvoudiginformatieobjecten/9c914b09-4979-4660-b3de-55246dd66b0d","identificatie":"DOCUMENT-2024-0000000055","bronorganisatie":"000000000","creatiedatum":"2024-08-08","titel":"Form
        009","vertrouwelijkheidaanduiding":"openbaar","auteur":"Aanvrager","status":"definitief","formaat":"application/pdf","taal":"eng","versie":1,"beginRegistratie":"2024-08-08T12:07:27.911754Z","bestandsnaam":"open-forms-Form
        009.pdf","inhoud":"http://localhost:8003/documenten/api/v1/enkelvoudiginformatieobjecten/9c914b09-4979-4660-b3de-55246dd66b0d/download?versie=1","bestandsomvang":0,"link":"","beschrijving":"Ingezonden
        formulier","ontvangstdatum":null,"verzenddatum":null,"indicatieGebruiksrecht":false,"verschijningsvorm":"","ondertekening":{"soort":"","datum":null},"integriteit":{"algoritme":"","waarde":"","datum":null},"informatieobjecttype":"http://localhost:8003/catalogi/api/v1/informatieobjecttypen/7a474713-0833-402a-8441-e467c08ac55b","locked":false,"bestandsdelen":[],"trefwoorden":[],"lock":""}'
    headers:
      API-version:
      - 1.4.2
      Allow:
      - GET, POST, HEAD, OPTIONS
      Content-Length:
      - '1042'
      Content-Type:
      - application/json
      Cross-Origin-Opener-Policy:
      - same-origin
      Location:
      - http://localhost:8003/documenten/api/v1/enkelvoudiginformatieobjecten/9c914b09-4979-4660-b3de-55246dd66b0d
      Referrer-Policy:
      - same-origin
      Vary:
      - origin
      X-Content-Type-Options:
      - nosniff
      X-Frame-Options:
      - DENY
    status:
      code: 201
      message: Created
- request:
    body: '{"informatieobjecttype": "http://localhost:8003/catalogi/api/v1/informatieobjecttypen/cd6aeaf2-ca37-416f-b78c-1cc302f81a81",
      "bronorganisatie": "111222333", "creatiedatum": "2024-08-08", "titel": "A Custom
      Title", "auteur": "Aanvrager", "taal": "eng", "formaat": "multipart/alternative",
      "inhoud": "Y29udGVudA==", "status": "definitief", "bestandsnaam": "some-attachment.jpg",
      "ontvangstdatum": "2024-08-05", "beschrijving": "Bijgevoegd document", "indicatieGebruiksrecht":
      false, "bestandsomvang": 7, "vertrouwelijkheidaanduiding": "geheim"}'
    headers:
      Accept:
      - '*/*'
      Accept-Encoding:
      - gzip, deflate, br
      Authorization:
      - Bearer eyJhbGciOiJIUzI1NiIsInR5cCI6IkpXVCJ9.eyJpc3MiOiJ0ZXN0X2NsaWVudF9pZCIsImlhdCI6MTcyMzExODg0NywiY2xpZW50X2lkIjoidGVzdF9jbGllbnRfaWQiLCJ1c2VyX2lkIjoiIiwidXNlcl9yZXByZXNlbnRhdGlvbiI6IiJ9.BWDJL0NsjH3zQ_VVofrp15JmssK0j3cB4CybrINrmyU
      Connection:
      - keep-alive
      Content-Length:
      - '542'
      Content-Type:
      - application/json
      User-Agent:
      - python-requests/2.32.2
    method: POST
    uri: http://localhost:8003/documenten/api/v1/enkelvoudiginformatieobjecten
  response:
    body:
      string: '{"url":"http://localhost:8003/documenten/api/v1/enkelvoudiginformatieobjecten/08370f60-dbc6-4476-a4d6-80b81d5bc53a","identificatie":"DOCUMENT-2024-0000000056","bronorganisatie":"111222333","creatiedatum":"2024-08-08","titel":"A
        Custom Title","vertrouwelijkheidaanduiding":"geheim","auteur":"Aanvrager","status":"definitief","formaat":"multipart/alternative","taal":"eng","versie":1,"beginRegistratie":"2024-08-08T12:07:27.980703Z","bestandsnaam":"some-attachment.jpg","inhoud":"http://localhost:8003/documenten/api/v1/enkelvoudiginformatieobjecten/08370f60-dbc6-4476-a4d6-80b81d5bc53a/download?versie=1","bestandsomvang":7,"link":"","beschrijving":"Bijgevoegd
        document","ontvangstdatum":"2024-08-05","verzenddatum":null,"indicatieGebruiksrecht":false,"verschijningsvorm":"","ondertekening":{"soort":"","datum":null},"integriteit":{"algoritme":"","waarde":"","datum":null},"informatieobjecttype":"http://localhost:8003/catalogi/api/v1/informatieobjecttypen/cd6aeaf2-ca37-416f-b78c-1cc302f81a81","locked":false,"bestandsdelen":[],"trefwoorden":[],"lock":""}'
    headers:
      API-version:
      - 1.4.2
      Allow:
      - GET, POST, HEAD, OPTIONS
      Content-Length:
      - '1055'
      Content-Type:
      - application/json
      Cross-Origin-Opener-Policy:
      - same-origin
      Location:
      - http://localhost:8003/documenten/api/v1/enkelvoudiginformatieobjecten/08370f60-dbc6-4476-a4d6-80b81d5bc53a
      Referrer-Policy:
      - same-origin
      Vary:
      - origin
      X-Content-Type-Options:
      - nosniff
      X-Frame-Options:
      - DENY
    status:
      code: 201
      message: Created
- request:
    body: null
    headers:
      Accept:
      - '*/*'
      Accept-Encoding:
      - gzip, deflate, br
      Authorization:
      - Token 171be5abaf41e7856b423ad513df1ef8f867ff48
      Connection:
      - keep-alive
      User-Agent:
      - python-requests/2.32.2
    method: GET
    uri: http://localhost:8001/api/v2/objecttypes/8faed0fa-7864-4409-aa6d-533a37616a9e
  response:
    body:
      string: '{"url":"http://objecttypes-web:8000/api/v2/objecttypes/8faed0fa-7864-4409-aa6d-533a37616a9e","uuid":"8faed0fa-7864-4409-aa6d-533a37616a9e","name":"Accepts
        everything","namePlural":"Accepts everything","description":"","dataClassification":"open","maintainerOrganization":"","maintainerDepartment":"","contactPerson":"","contactEmail":"","source":"","updateFrequency":"unknown","providerOrganization":"","documentationUrl":"","labels":{},"createdAt":"2024-07-22","modifiedAt":"2024-07-22","allowGeometry":true,"versions":["http://objecttypes-web:8000/api/v2/objecttypes/8faed0fa-7864-4409-aa6d-533a37616a9e/versions/1"]}'
    headers:
      Allow:
      - GET, PUT, PATCH, DELETE, HEAD, OPTIONS
      Connection:
      - keep-alive
      Content-Length:
      - '619'
      Content-Type:
      - application/json
      Cross-Origin-Opener-Policy:
      - same-origin
      Date:
      - Thu, 08 Aug 2024 12:07:28 GMT
      Referrer-Policy:
      - same-origin
      Server:
      - nginx/1.27.0
      Vary:
      - origin
      X-Content-Type-Options:
      - nosniff
      X-Frame-Options:
      - DENY
    status:
      code: 200
      message: OK
- request:
    body: '{"type": "http://objecttypes-web:8000/api/v2/objecttypes/8faed0fa-7864-4409-aa6d-533a37616a9e",
      "record": {"typeVersion": 1, "data": {"bron": {"naam": "Open Formulieren", "kenmerk":
      "6aa90b71-a5a9-45c1-93af-d56d7059a830"}, "type": "terugbelnotitie", "aanvraaggegevens":
      {"fd-8": {"fieldset": {"fileUpload": [{"url": "http://server/api/v2/submissions/files/62f2ec22-da7d-4385-b719-b8637c1cd483",
      "data": {"url": "http://server/api/v2/submissions/files/62f2ec22-da7d-4385-b719-b8637c1cd483",
      "form": "", "name": "some-attachment.jpg", "size": 46114, "baseUrl": "http://server/form",
      "project": ""}, "name": "my-image-12305610-2da4-4694-a341-ccb919c3d543.jpg",
      "size": 46114, "type": "image/jpg", "storage": "url", "originalName": "some-attachment.jpg"}]}}},
      "taal": "en", "betrokkenen": [{"inpBsn": "", "rolOmschrijvingGeneriek": "initiator"}],
      "pdf": "http://localhost:8003/documenten/api/v1/enkelvoudiginformatieobjecten/9c914b09-4979-4660-b3de-55246dd66b0d",
      "csv": "", "bijlagen": ["http://localhost:8003/documenten/api/v1/enkelvoudiginformatieobjecten/08370f60-dbc6-4476-a4d6-80b81d5bc53a"],
      "payment": {"completed": false, "amount": 0, "public_order_ids": [], "payment_ids":
      []}}, "startAt": "2024-08-08"}}'
    headers:
      Accept:
      - '*/*'
      Accept-Encoding:
      - gzip, deflate, br
      Authorization:
      - Token 7657474c3d75f56ae0abd0d1bf7994b09964dca9
      Connection:
      - keep-alive
      Content-Crs:
      - EPSG:4326
      Content-Length:
      - '1210'
      Content-Type:
      - application/json
      User-Agent:
      - python-requests/2.32.2
    method: POST
    uri: http://localhost:8002/api/v2/objects
  response:
    body:
      string: '{"url":"http://objects-web:8000/api/v2/objects/aeba35c1-9cd2-47bb-8db6-4f6f98975f42","uuid":"aeba35c1-9cd2-47bb-8db6-4f6f98975f42","type":"http://objecttypes-web:8000/api/v2/objecttypes/8faed0fa-7864-4409-aa6d-533a37616a9e","record":{"index":1,"typeVersion":1,"data":{"bron":{"naam":"Open
        Formulieren","kenmerk":"6aa90b71-a5a9-45c1-93af-d56d7059a830"},"type":"terugbelnotitie","aanvraaggegevens":{"fd-8":{"fieldset":{"fileUpload":[{"url":"http://server/api/v2/submissions/files/62f2ec22-da7d-4385-b719-b8637c1cd483","data":{"url":"http://server/api/v2/submissions/files/62f2ec22-da7d-4385-b719-b8637c1cd483","form":"","name":"some-attachment.jpg","size":46114,"baseUrl":"http://server/form","project":""},"name":"my-image-12305610-2da4-4694-a341-ccb919c3d543.jpg","size":46114,"type":"image/jpg","storage":"url","originalName":"some-attachment.jpg"}]}}},"taal":"en","betrokkenen":[{"inpBsn":"","rolOmschrijvingGeneriek":"initiator"}],"pdf":"http://localhost:8003/documenten/api/v1/enkelvoudiginformatieobjecten/9c914b09-4979-4660-b3de-55246dd66b0d","csv":"","bijlagen":["http://localhost:8003/documenten/api/v1/enkelvoudiginformatieobjecten/08370f60-dbc6-4476-a4d6-80b81d5bc53a"],"payment":{"completed":false,"amount":0,"public_order_ids":[],"payment_ids":[]}},"geometry":null,"startAt":"2024-08-08","endAt":null,"registrationAt":"2024-08-08","correctionFor":null,"correctedBy":null}}'
    headers:
      Allow:
      - GET, POST, HEAD, OPTIONS
      Connection:
      - keep-alive
      Content-Crs:
      - EPSG:4326
      Content-Length:
      - '1384'
      Content-Type:
      - application/json
      Cross-Origin-Opener-Policy:
      - same-origin
      Date:
      - Thu, 08 Aug 2024 12:07:28 GMT
      Location:
      - http://localhost:8002/api/v2/objects/aeba35c1-9cd2-47bb-8db6-4f6f98975f42
      Referrer-Policy:
      - same-origin
      Server:
      - nginx/1.27.0
      Vary:
      - origin
      X-Content-Type-Options:
      - nosniff
      X-Frame-Options:
      - DENY
    status:
      code: 201
      message: Created
- request:
    body: null
    headers:
      Accept:
      - '*/*'
      Accept-Encoding:
      - gzip, deflate, br
      Authorization:
      - Bearer eyJhbGciOiJIUzI1NiIsInR5cCI6IkpXVCJ9.eyJpc3MiOiJ0ZXN0X2NsaWVudF9pZCIsImlhdCI6MTcyMzExODg0OCwiY2xpZW50X2lkIjoidGVzdF9jbGllbnRfaWQiLCJ1c2VyX2lkIjoiIiwidXNlcl9yZXByZXNlbnRhdGlvbiI6IiJ9.9BxrBhD2LSc8jEYb_teA0-aqDaZti_0eCBkh2UVjkuk
      Connection:
      - keep-alive
      User-Agent:
      - python-requests/2.32.2
    method: GET
    uri: http://localhost:8003/documenten/api/v1/enkelvoudiginformatieobjecten/08370f60-dbc6-4476-a4d6-80b81d5bc53a
  response:
    body:
      string: '{"url":"http://localhost:8003/documenten/api/v1/enkelvoudiginformatieobjecten/08370f60-dbc6-4476-a4d6-80b81d5bc53a","identificatie":"DOCUMENT-2024-0000000056","bronorganisatie":"111222333","creatiedatum":"2024-08-08","titel":"A
        Custom Title","vertrouwelijkheidaanduiding":"geheim","auteur":"Aanvrager","status":"definitief","formaat":"multipart/alternative","taal":"eng","versie":1,"beginRegistratie":"2024-08-08T12:07:27.980703Z","bestandsnaam":"some-attachment.jpg","inhoud":"http://localhost:8003/documenten/api/v1/enkelvoudiginformatieobjecten/08370f60-dbc6-4476-a4d6-80b81d5bc53a/download?versie=1","bestandsomvang":7,"link":"","beschrijving":"Bijgevoegd
        document","ontvangstdatum":"2024-08-05","verzenddatum":null,"indicatieGebruiksrecht":false,"verschijningsvorm":"","ondertekening":{"soort":"","datum":null},"integriteit":{"algoritme":"","waarde":"","datum":null},"informatieobjecttype":"http://localhost:8003/catalogi/api/v1/informatieobjecttypen/cd6aeaf2-ca37-416f-b78c-1cc302f81a81","locked":false,"bestandsdelen":[],"trefwoorden":[]}'
    headers:
      API-version:
      - 1.4.2
      Allow:
      - GET, PUT, PATCH, DELETE, HEAD, OPTIONS
      Content-Length:
      - '1045'
      Content-Type:
      - application/json
      Cross-Origin-Opener-Policy:
      - same-origin
      ETag:
      - '"26556907f09fcfe1bf31285e04c1b52c"'
      Referrer-Policy:
      - same-origin
      Vary:
      - origin
      X-Content-Type-Options:
      - nosniff
      X-Frame-Options:
      - DENY
    status:
      code: 200
      message: OK
version: 1
